../Core/Src/main.c:114:5:main	48	static
../Core/Src/main.c:233:6:SystemClock_Config	88	static
../Core/Src/main.c:281:13:MX_CAN1_Init	8	static
../Core/Src/main.c:318:13:MX_USART2_UART_Init	8	static
../Core/Src/main.c:351:13:MX_GPIO_Init	48	static
../Core/Src/main.c:396:6:StartBrakeTask	16	static
../Core/Src/main.c:416:6:StartHeartbeatTask	16	static
../Core/Src/main.c:439:6:StartCanTask	32	static
../Core/Src/main.c:471:6:HAL_TIM_PeriodElapsedCallback	16	static
../Core/Src/main.c:487:6:HAL_CAN_RxFifo0MsgPendingCallback	64	static
../Core/Src/main.c:511:6:Error_Handler	4	static,ignoring_inline_asm
