../Core/Src/main.c:109:1:__io_putchar	16	static
../Core/Src/main.c:116:5:_write	24	static
../Core/Src/main.c:127:5:main	48	static
../Core/Src/main.c:243:6:SystemClock_Config	88	static
../Core/Src/main.c:291:13:MX_CAN1_Init	8	static
../Core/Src/main.c:328:13:MX_USART2_UART_Init	8	static
../Core/Src/main.c:361:13:MX_GPIO_Init	48	static
../Core/Src/main.c:410:6:StartBrakeTask	80	static
../Core/Src/main.c:460:6:StartHeartbeatTask	48	static
../Core/Src/main.c:506:6:HAL_TIM_PeriodElapsedCallback	16	static
../Core/Src/main.c:522:6:HAL_CAN_RxFifo0MsgPendingCallback	64	static
../Core/Src/main.c:541:6:Manage_Solenoids	24	static
../Core/Src/main.c:554:6:Error_Handler	4	static,ignoring_inline_asm
