2025-10-25 23:46:56,327 [INFO] Activator:176 - 


2025-10-25 23:46:56,329 [INFO] Activator:177 - !SESSION log4j initialized
2025-10-25 23:46:58,135 [INFO] LogOutputStream:77 - [STDOUT_REDIRECT] 
2025-10-25 23:47:00,121 [INFO] ApplicationProperties:184 - Using Application install path: /opt/st/stm32cubeide_1.19.0/plugins/com.st.stm32cube.common.mx_6.15.0.202507011659
2025-10-25 23:47:00,137 [INFO] DbMcusXml:78 - Set database path to: /opt/st/stm32cubeide_1.19.0/plugins/com.st.stm32cube.common.mx_6.15.0.202507011659//db//mcu/
2025-10-25 23:47:00,138 [INFO] ApiDb:274 - Set plugin database path to: /opt/st/stm32cubeide_1.19.0/plugins/com.st.stm32cube.common.mx_6.15.0.202507011659//db//plugins/boardmanager/
2025-10-25 23:47:00,138 [WARN] ApiDb:259 - Overriding images path with different value:  => /opt/st/stm32cubeide_1.19.0/plugins/com.st.stm32cube.common.mx_6.15.0.202507011659//db//plugins/mcufinder/images/
2025-10-25 23:47:00,141 [INFO] ApiDb:250 - Set database path to: /home/mahdlinux/.stmcufinder/plugins/mcufinder//mcu/
2025-10-25 23:47:00,143 [INFO] DbMcusAds:125 - Set database path to: /home/mahdlinux/.stmcufinder/plugins/mcufinder//mcu/
2025-10-25 23:47:00,145 [INFO] CrossReferenceDbSqlite:203 - Set database path to: /home/mahdlinux/.stmcufinder/plugins/mcufinder//mcu/cs/
2025-10-25 23:47:00,247 [INFO] RulesReader:64 - Compatibility file has been processed (317 Rules)
2025-10-25 23:47:00,307 [INFO] DbMcusXml:78 - Set database path to: /opt/st/stm32cubeide_1.19.0/plugins/com.st.stm32cube.common.mx_6.15.0.202507011659//db//mcu/
2025-10-25 23:47:00,307 [INFO] ApiDb:274 - Set plugin database path to: /opt/st/stm32cubeide_1.19.0/plugins/com.st.stm32cube.common.mx_6.15.0.202507011659//db//plugins/boardmanager/
2025-10-25 23:47:00,307 [INFO] ApiDb:261 - Set plugin images path to: /opt/st/stm32cubeide_1.19.0/plugins/com.st.stm32cube.common.mx_6.15.0.202507011659//db//plugins/mcufinder/images/
2025-10-25 23:47:00,308 [WARN] DbFile:41 - Overriding database path with different value: /home/mahdlinux/.stmcufinder/plugins/mcufinder/ => /home/mahdlinux/.stmcufinder/plugins/mcufinder
2025-10-25 23:47:00,308 [INFO] ApiDb:250 - Set database path to: /home/mahdlinux/.stmcufinder/plugins/mcufinder//mcu/
2025-10-25 23:47:00,308 [WARN] DbFile:41 - Overriding database path with different value: /home/mahdlinux/.stmcufinder/plugins/mcufinder/ => /home/mahdlinux/.stmcufinder/plugins/mcufinder
2025-10-25 23:47:00,308 [INFO] DbMcusAds:125 - Set database path to: /home/mahdlinux/.stmcufinder/plugins/mcufinder//mcu/
2025-10-25 23:47:00,308 [WARN] DbFile:41 - Overriding database path with different value: /home/mahdlinux/.stmcufinder/plugins/mcufinder/ => /home/mahdlinux/.stmcufinder/plugins/mcufinder
2025-10-25 23:47:00,308 [WARN] DbFile:41 - Overriding database path with different value: /home/mahdlinux/.stmcufinder/plugins/mcufinder/ => /home/mahdlinux/.stmcufinder/plugins/mcufinder
2025-10-25 23:47:00,308 [INFO] CrossReferenceDbSqlite:203 - Set database path to: /home/mahdlinux/.stmcufinder/plugins/mcufinder//mcu/cs/
2025-10-25 23:47:00,378 [INFO] MainPanel:274 - HeapMemory: 268435456
2025-10-25 23:47:00,487 [INFO] DbMcusXml:78 - Set database path to: /opt/st/stm32cubeide_1.19.0/plugins/com.st.stm32cube.common.mx_6.15.0.202507011659//db//mcu/
2025-10-25 23:47:00,487 [INFO] ApiDb:274 - Set plugin database path to: /opt/st/stm32cubeide_1.19.0/plugins/com.st.stm32cube.common.mx_6.15.0.202507011659//db//plugins/boardmanager/
2025-10-25 23:47:00,487 [INFO] ApiDb:261 - Set plugin images path to: /opt/st/stm32cubeide_1.19.0/plugins/com.st.stm32cube.common.mx_6.15.0.202507011659//db//plugins/mcufinder/images/
2025-10-25 23:47:00,487 [WARN] DbFile:41 - Overriding database path with different value: /home/mahdlinux/.stmcufinder/plugins/mcufinder/ => /home/mahdlinux/.stmcufinder/plugins/mcufinder
2025-10-25 23:47:00,487 [INFO] ApiDb:250 - Set database path to: /home/mahdlinux/.stmcufinder/plugins/mcufinder//mcu/
2025-10-25 23:47:00,487 [WARN] DbFile:41 - Overriding database path with different value: /home/mahdlinux/.stmcufinder/plugins/mcufinder/ => /home/mahdlinux/.stmcufinder/plugins/mcufinder
2025-10-25 23:47:00,487 [INFO] DbMcusAds:125 - Set database path to: /home/mahdlinux/.stmcufinder/plugins/mcufinder//mcu/
2025-10-25 23:47:00,488 [WARN] DbFile:41 - Overriding database path with different value: /home/mahdlinux/.stmcufinder/plugins/mcufinder/ => /home/mahdlinux/.stmcufinder/plugins/mcufinder
2025-10-25 23:47:00,488 [WARN] DbFile:41 - Overriding database path with different value: /home/mahdlinux/.stmcufinder/plugins/mcufinder/ => /home/mahdlinux/.stmcufinder/plugins/mcufinder
2025-10-25 23:47:00,488 [INFO] CrossReferenceDbSqlite:203 - Set database path to: /home/mahdlinux/.stmcufinder/plugins/mcufinder//mcu/cs/
2025-10-25 23:47:00,504 [INFO] ApplicationProperties:184 - Using Application install path: /opt/st/stm32cubeide_1.19.0/plugins/com.st.stm32cube.common.mx_6.15.0.202507011659
2025-10-25 23:47:00,505 [INFO] PluginManage:196 - Search for loadable plugins [exclusion list=, ]
2025-10-25 23:47:00,506 [INFO] PluginManage:310 - Check plugin analytics
2025-10-25 23:47:00,645 [INFO] AnalyticsPlugin:253 - Accepted Software Licenses: 
2025-10-25 23:47:00,645 [INFO] AnalyticsPlugin:255 - Accepted CMSIS Pack Licenses: 
2025-10-25 23:47:00,645 [INFO] AnalyticsPlugin:257 - Accepted Firmware Licenses: FW.F4.1.28.0
2025-10-25 23:47:00,647 [INFO] PluginManage:359 - Loaded plugin analytics (category:tool,tabindex:-1)
2025-10-25 23:47:00,647 [INFO] PluginManage:310 - Check plugin cadmodel
2025-10-25 23:47:00,650 [INFO] CADModel:105 - Init CAD model plugin
2025-10-25 23:47:00,650 [INFO] PluginManage:359 - Loaded plugin cadmodel (category:power,tabindex:5)
2025-10-25 23:47:00,650 [INFO] PluginManage:310 - Check plugin clock
2025-10-25 23:47:00,656 [INFO] PluginManage:359 - Loaded plugin clock (category:base,tabindex:2)
2025-10-25 23:47:00,656 [INFO] PluginManage:310 - Check plugin ddr
2025-10-25 23:47:00,658 [INFO] PluginManage:359 - Loaded plugin ddr (category:tool,tabindex:6)
2025-10-25 23:47:00,658 [INFO] PluginManage:310 - Check plugin filemanager
2025-10-25 23:47:00,798 [INFO] PluginManage:359 - Loaded plugin filemanager (category:base,tabindex:10)
2025-10-25 23:47:00,799 [INFO] PluginManage:310 - Check plugin ipmanager
2025-10-25 23:47:00,803 [INFO] PluginManage:359 - Loaded plugin ipmanager (category:base,tabindex:5)
2025-10-25 23:47:00,803 [INFO] PluginManage:310 - Check plugin lpbam
2025-10-25 23:47:00,811 [INFO] PluginManage:359 - Loaded plugin lpbam (category:base,tabindex:0)
2025-10-25 23:47:00,811 [INFO] PluginManage:310 - Check plugin memorymap
2025-10-25 23:47:00,820 [INFO] PluginManage:359 - Loaded plugin memorymap (category:base,tabindex:4)
2025-10-25 23:47:00,821 [INFO] PluginManage:310 - Check plugin pinoutandconfiguration
2025-10-25 23:47:00,827 [INFO] PluginManage:359 - Loaded plugin pinoutandconfiguration (category:base,tabindex:1)
2025-10-25 23:47:00,827 [INFO] PluginManage:310 - Check plugin pinoutconfig
2025-10-25 23:47:00,887 [WARN] SupportedApi:132 - Cannot load RTOS API schema: s4s-elt-must-match.1: The content of 'definitions' must match (annotation?, (simpleType | complexType)?, (unique | key | keyref)*)). A problem was found starting at: attribute.
2025-10-25 23:47:00,982 [INFO] PluginManage:359 - Loaded plugin pinoutconfig (category:base,tabindex:0)
2025-10-25 23:47:00,982 [INFO] PluginManage:310 - Check plugin power
2025-10-25 23:47:00,987 [INFO] PluginManage:359 - Loaded plugin power (category:power,tabindex:4)
2025-10-25 23:47:00,987 [INFO] PluginManage:310 - Check plugin projectmanager
2025-10-25 23:47:01,000 [INFO] PluginManage:359 - Loaded plugin projectmanager (category:projectmanager,tabindex:4)
2025-10-25 23:47:01,000 [INFO] PluginManage:310 - Check plugin rif
2025-10-25 23:47:01,006 [INFO] PluginManage:359 - Loaded plugin rif (category:base,tabindex:3)
2025-10-25 23:47:01,006 [INFO] PluginManage:310 - Check plugin thirdparty
2025-10-25 23:47:01,088 [INFO] PluginManage:359 - Loaded plugin thirdparty (category:base,tabindex:-1)
2025-10-25 23:47:01,088 [INFO] PluginManage:310 - Check plugin tools
2025-10-25 23:47:01,088 [WARN] IntegrityCheckThread:84 - waiting for thirdparty lock release [integrity check]
2025-10-25 23:47:01,088 [INFO] IntegrityCheckThread:86 - entering critical section [integrity check]
2025-10-25 23:47:01,089 [INFO] ThirdPartyUpdaterWithRetryManager:70 - Updater plugin not ready yet. [1/15]
2025-10-25 23:47:01,090 [INFO] PluginManage:359 - Loaded plugin tools (category:base,tabindex:7)
2025-10-25 23:47:01,090 [INFO] PluginManage:310 - Check plugin tutovideos
2025-10-25 23:47:01,210 [INFO] PluginManage:359 - Loaded plugin tutovideos (category:base,tabindex:-1)
2025-10-25 23:47:01,210 [INFO] PluginManage:310 - Check plugin updater
2025-10-25 23:47:01,226 [INFO] PluginManage:359 - Loaded plugin updater (category:base,tabindex:12)
2025-10-25 23:47:01,226 [INFO] PluginManage:310 - Check plugin userauth
2025-10-25 23:47:01,228 [INFO] UserAuth:118 - Init User Auth plugin
2025-10-25 23:47:01,229 [INFO] PluginManage:359 - Loaded plugin userauth (category:base,tabindex:14)
2025-10-25 23:47:01,229 [INFO] PluginManage:283 - PluginManage : Loaded plugins [18]
2025-10-25 23:47:01,336 [INFO] PinOutPanel:1589 - setPackage(No Configuration,No Configuration)
2025-10-25 23:47:01,382 [INFO] CADModel:165 - CPN selected for project level
2025-10-25 23:47:01,383 [INFO] CADModel:114 - Register for checkConnection events
2025-10-25 23:47:01,390 [INFO] IPUIPlugin:80 - create IPUIPlugin
2025-10-25 23:47:01,390 [INFO] PluginManager:220 - loadIPPluginJar : add can
2025-10-25 23:47:01,394 [INFO] IPUIPlugin:80 - create IPUIPlugin
2025-10-25 23:47:01,396 [INFO] PluginManager:220 - loadIPPluginJar : add plateformsettings
2025-10-25 23:47:01,398 [INFO] IPUIPlugin:80 - create IPUIPlugin
2025-10-25 23:47:01,398 [INFO] PluginManager:220 - loadIPPluginJar : add ipddr
2025-10-25 23:47:01,400 [INFO] IPUIPlugin:80 - create IPUIPlugin
2025-10-25 23:47:01,400 [INFO] PluginManager:220 - loadIPPluginJar : add hash
2025-10-25 23:47:01,400 [INFO] IPUIPlugin:80 - create IPUIPlugin
2025-10-25 23:47:01,401 [INFO] PluginManager:220 - loadIPPluginJar : add ucpd
2025-10-25 23:47:01,403 [INFO] IPUIPlugin:80 - create IPUIPlugin
2025-10-25 23:47:01,404 [INFO] PluginManager:220 - loadIPPluginJar : add freertos
2025-10-25 23:47:01,405 [INFO] IPUIPlugin:80 - create IPUIPlugin
2025-10-25 23:47:01,405 [INFO] PluginManager:220 - loadIPPluginJar : add gtzc
2025-10-25 23:47:01,406 [INFO] IPUIPlugin:80 - create IPUIPlugin
2025-10-25 23:47:01,406 [INFO] PluginManager:220 - loadIPPluginJar : add dfsdm
2025-10-25 23:47:01,408 [INFO] IPUIPlugin:80 - create IPUIPlugin
2025-10-25 23:47:01,408 [INFO] PluginManager:220 - loadIPPluginJar : add opamp
2025-10-25 23:47:01,412 [INFO] IPUIPlugin:80 - create IPUIPlugin
2025-10-25 23:47:01,412 [INFO] PluginManager:220 - loadIPPluginJar : add adc
2025-10-25 23:47:01,415 [INFO] IPUIPlugin:80 - create IPUIPlugin
2025-10-25 23:47:01,416 [INFO] PluginManager:220 - loadIPPluginJar : add gic
2025-10-25 23:47:01,417 [INFO] IPUIPlugin:80 - create IPUIPlugin
2025-10-25 23:47:01,417 [INFO] PluginManager:220 - loadIPPluginJar : add resmgrutility
2025-10-25 23:47:01,418 [INFO] IPUIPlugin:80 - create IPUIPlugin
2025-10-25 23:47:01,418 [INFO] PluginManager:220 - loadIPPluginJar : add usart
2025-10-25 23:47:01,420 [INFO] IPUIPlugin:80 - create IPUIPlugin
2025-10-25 23:47:01,420 [INFO] PluginManager:220 - loadIPPluginJar : add gpio
2025-10-25 23:47:01,421 [INFO] IPUIPlugin:80 - create IPUIPlugin
2025-10-25 23:47:01,421 [INFO] PluginManager:220 - loadIPPluginJar : add quadspi
2025-10-25 23:47:01,422 [INFO] IPUIPlugin:80 - create IPUIPlugin
2025-10-25 23:47:01,422 [INFO] PluginManager:220 - loadIPPluginJar : add tracer_emb
2025-10-25 23:47:01,426 [INFO] IPUIPlugin:80 - create IPUIPlugin
2025-10-25 23:47:01,426 [INFO] PluginManager:220 - loadIPPluginJar : add mdma
2025-10-25 23:47:01,427 [INFO] IPUIPlugin:80 - create IPUIPlugin
2025-10-25 23:47:01,427 [INFO] PluginManager:220 - loadIPPluginJar : add tsc
2025-10-25 23:47:01,428 [INFO] IPUIPlugin:80 - create IPUIPlugin
2025-10-25 23:47:01,428 [INFO] PluginManager:220 - loadIPPluginJar : add genericplugin
2025-10-25 23:47:01,429 [INFO] IPUIPlugin:80 - create IPUIPlugin
2025-10-25 23:47:01,429 [INFO] PluginManager:220 - loadIPPluginJar : add comp
2025-10-25 23:47:01,430 [INFO] IPUIPlugin:80 - create IPUIPlugin
2025-10-25 23:47:01,430 [INFO] PluginManager:220 - loadIPPluginJar : add dma3
2025-10-25 23:47:01,431 [INFO] IPUIPlugin:80 - create IPUIPlugin
2025-10-25 23:47:01,431 [INFO] PluginManager:220 - loadIPPluginJar : add gfxmmu
2025-10-25 23:47:01,432 [INFO] IPUIPlugin:80 - create IPUIPlugin
2025-10-25 23:47:01,432 [INFO] PluginManager:220 - loadIPPluginJar : add cryp
2025-10-25 23:47:01,433 [INFO] IPUIPlugin:80 - create IPUIPlugin
2025-10-25 23:47:01,433 [INFO] PluginManager:220 - loadIPPluginJar : add lorawan
2025-10-25 23:47:01,435 [INFO] IPUIPlugin:80 - create IPUIPlugin
2025-10-25 23:47:01,435 [INFO] PluginManager:220 - loadIPPluginJar : add sai
2025-10-25 23:47:01,436 [INFO] IPUIPlugin:80 - create IPUIPlugin
2025-10-25 23:47:01,436 [INFO] PluginManager:220 - loadIPPluginJar : add spi
2025-10-25 23:47:01,437 [INFO] IPUIPlugin:80 - create IPUIPlugin
2025-10-25 23:47:01,437 [INFO] PluginManager:220 - loadIPPluginJar : add ddr_ctrl_phy
2025-10-25 23:47:01,438 [INFO] IPUIPlugin:80 - create IPUIPlugin
2025-10-25 23:47:01,439 [INFO] PluginManager:220 - loadIPPluginJar : add usbx
2025-10-25 23:47:01,440 [INFO] IPUIPlugin:80 - create IPUIPlugin
2025-10-25 23:47:01,440 [INFO] PluginManager:220 - loadIPPluginJar : add openamp
2025-10-25 23:47:01,441 [INFO] IPUIPlugin:80 - create IPUIPlugin
2025-10-25 23:47:01,441 [INFO] PluginManager:220 - loadIPPluginJar : add aes
2025-10-25 23:47:01,443 [INFO] IPUIPlugin:80 - create IPUIPlugin
2025-10-25 23:47:01,443 [INFO] PluginManager:220 - loadIPPluginJar : add pdm2pcm
2025-10-25 23:47:01,444 [INFO] IPUIPlugin:80 - create IPUIPlugin
2025-10-25 23:47:01,444 [INFO] PluginManager:220 - loadIPPluginJar : add tim
2025-10-25 23:47:01,446 [INFO] IPUIPlugin:80 - create IPUIPlugin
2025-10-25 23:47:01,446 [INFO] PluginManager:220 - loadIPPluginJar : add nvic
2025-10-25 23:47:01,446 [INFO] IPUIPlugin:80 - create IPUIPlugin
2025-10-25 23:47:01,446 [INFO] PluginManager:220 - loadIPPluginJar : add ltdc
2025-10-25 23:47:01,448 [INFO] IPUIPlugin:80 - create IPUIPlugin
2025-10-25 23:47:01,448 [INFO] PluginManager:220 - loadIPPluginJar : add touchsensing
2025-10-25 23:47:01,452 [INFO] IPUIPlugin:80 - create IPUIPlugin
2025-10-25 23:47:01,452 [INFO] PluginManager:220 - loadIPPluginJar : add linkedlist
2025-10-25 23:47:01,453 [INFO] IPUIPlugin:80 - create IPUIPlugin
2025-10-25 23:47:01,453 [INFO] PluginManager:220 - loadIPPluginJar : add extmemmanager
2025-10-25 23:47:01,454 [INFO] IPUIPlugin:80 - create IPUIPlugin
2025-10-25 23:47:01,454 [INFO] PluginManager:220 - loadIPPluginJar : add i3c
2025-10-25 23:47:01,455 [INFO] IPUIPlugin:80 - create IPUIPlugin
2025-10-25 23:47:01,455 [INFO] PluginManager:220 - loadIPPluginJar : add fatfs
2025-10-25 23:47:01,456 [INFO] IPUIPlugin:80 - create IPUIPlugin
2025-10-25 23:47:01,456 [INFO] PluginManager:220 - loadIPPluginJar : add i2c
2025-10-25 23:47:01,460 [INFO] IPUIPlugin:80 - create IPUIPlugin
2025-10-25 23:47:01,460 [INFO] PluginManager:220 - loadIPPluginJar : add dma
2025-10-25 23:47:01,464 [INFO] IPUIPlugin:80 - create IPUIPlugin
2025-10-25 23:47:01,464 [INFO] PluginManager:220 - loadIPPluginJar : add stm32_wpan
2025-10-25 23:47:01,465 [INFO] IPUIPlugin:80 - create IPUIPlugin
2025-10-25 23:47:01,465 [INFO] PluginManager:220 - loadIPPluginJar : add ts
2025-10-25 23:47:01,466 [INFO] IPUIPlugin:80 - create IPUIPlugin
2025-10-25 23:47:01,466 [INFO] PluginManager:220 - loadIPPluginJar : add i2s
2025-10-25 23:47:01,466 [INFO] IPUIPlugin:80 - create IPUIPlugin
2025-10-25 23:47:01,467 [INFO] PluginManager:220 - loadIPPluginJar : add radio
2025-10-25 23:47:01,469 [INFO] IPUIPlugin:80 - create IPUIPlugin
2025-10-25 23:47:01,469 [INFO] PluginManager:220 - loadIPPluginJar : add fmc
2025-10-25 23:47:01,564 [FATAL] Updater:351 - Updater called before beeing initialized
2025-10-25 23:47:01,584 [INFO] RulesReader:64 - Compatibility file has been processed (317 Rules)
2025-10-25 23:47:01,593 [INFO] RulesReader:64 - Compatibility file has been processed (317 Rules)
2025-10-25 23:47:01,601 [INFO] CADModel:165 - CPN selected for project level
2025-10-25 23:47:01,601 [INFO] CADModel:114 - Register for checkConnection events
2025-10-25 23:47:01,601 [FATAL] Updater:351 - Updater called before beeing initialized
2025-10-25 23:47:01,601 [ERROR] CADModel:125 - Updater not yet initialized, retry later 
2025-10-25 23:47:01,697 [FATAL] Updater:351 - Updater called before beeing initialized
2025-10-25 23:47:01,698 [INFO] CADModel:165 - CPN selected for project level
2025-10-25 23:47:01,699 [INFO] CADModel:114 - Register for checkConnection events
2025-10-25 23:47:01,699 [FATAL] Updater:351 - Updater called before beeing initialized
2025-10-25 23:47:01,699 [ERROR] CADModel:125 - Updater not yet initialized, retry later 
2025-10-25 23:47:01,701 [FATAL] Updater:351 - Updater called before beeing initialized
2025-10-25 23:47:01,768 [FATAL] Updater:351 - Updater called before beeing initialized
2025-10-25 23:47:01,771 [INFO] DbMcusAds:53 - JSON generation date=Thu Oct 02 11:36:05 CEST 2025 (1759397765645)
2025-10-25 23:47:01,771 [FATAL] Updater:351 - Updater called before beeing initialized
2025-10-25 23:47:01,793 [WARN] DetailPanel:346 - Failed to get advertising image, set to default
2025-10-25 23:47:01,848 [FATAL] Updater:351 - Updater called before beeing initialized
2025-10-25 23:47:01,850 [FATAL] Updater:351 - Updater called before beeing initialized
2025-10-25 23:47:01,850 [FATAL] Updater:351 - Updater called before beeing initialized
2025-10-25 23:47:01,850 [WARN] DetailPanel:346 - Failed to get advertising image, set to default
2025-10-25 23:47:01,851 [FATAL] Updater:351 - Updater called before beeing initialized
2025-10-25 23:47:01,872 [ERROR] Updater:1198 - MainUpdater not yet initialized. External WinMGr cannot be set.
2025-10-25 23:47:01,873 [INFO] Updater:1134 - Updater Version found : 6.15.0
2025-10-25 23:47:01,884 [INFO] ApplicationProperties:184 - Using Application install path: /opt/st/stm32cubeide_1.19.0/plugins/com.st.stm32cube.common.mx_6.15.0.202507011659
2025-10-25 23:47:01,891 [ERROR] LogOutputStream:75 - [STDERR_REDIRECT] Oct 25, 2025 11:47:01 PM java.util.prefs.FileSystemPreferences$2 run
2025-10-25 23:47:01,892 [ERROR] LogOutputStream:75 - [STDERR_REDIRECT] WARNING: Could not create system preferences directory. System preferences are unusable.
2025-10-25 23:47:01,892 [ERROR] LogOutputStream:75 - [STDERR_REDIRECT] 
2025-10-25 23:47:02,099 [INFO] MainUpdater:2872 - connection check result : 10
2025-10-25 23:47:02,100 [INFO] MainUpdater:289 - Updater Check For Update Now.
2025-10-25 23:47:02,100 [INFO] MicroXplorer:498 - Change Database Version : DB.6.0.150
2025-10-25 23:47:02,103 [INFO] McuFinderGlobals:63 - Set McuFinder mode to 2 (CubeIDE integrated)
2025-10-25 23:47:02,103 [INFO] UserAuth:171 - activating auth plugin
2025-10-25 23:47:02,108 [INFO] UserAuth:487 - Internet connection configuration mode: 1
2025-10-25 23:47:02,125 [INFO] JxBrowserEngine:152 - Initiate JxBrowser Engine with user profile folder
2025-10-25 23:47:02,257 [INFO] CheckServerUpdateThread:120 - End of CheckServer Thread
2025-10-25 23:47:02,784 [INFO] WebApp:169 - Instantiating new browser for Auth
2025-10-25 23:47:03,330 [INFO] WebApp:463 - Apply proxy settings
2025-10-25 23:47:03,331 [INFO] WebApp:548 - Chromium requires no authentication
2025-10-25 23:47:03,337 [INFO] WebApp:491 - Direct internet connection detected
2025-10-25 23:47:03,350 [INFO] WebApp:900 - Register for checkConnection events
2025-10-25 23:47:03,351 [INFO] WebApp:463 - Apply proxy settings
2025-10-25 23:47:03,351 [INFO] WebApp:548 - Chromium requires no authentication
2025-10-25 23:47:03,351 [INFO] WebApp:491 - Direct internet connection detected
2025-10-25 23:47:03,443 [INFO] WebApp:225 - Starting web application
2025-10-25 23:47:03,443 [INFO] WebApp:593 - Web application path used /opt/st/stm32cubeide_1.19.0/plugins/com.st.stm32cube.common.mx_6.15.0.202507011659/db/plugins/mcufinder/reactClient1/index.html
2025-10-25 23:47:03,586 [INFO] WebApp:191 - Connection restablished
2025-10-25 23:47:04,176 [WARN] PackLoader:240 - Cannot read IP mode file for STMicroelectronics.FP-SNS-MOTENVWB1.1.4.0
2025-10-25 23:47:04,182 [WARN] PackLoader:240 - Cannot read IP mode file for STMicroelectronics.FP-ATR-ASTRA1.2.0.2
2025-10-25 23:47:04,188 [WARN] PackLoader:240 - Cannot read IP mode file for STMicroelectronics.X-CUBE-SMBUS.2.1.0
2025-10-25 23:47:04,212 [WARN] PackLoader:240 - Cannot read IP mode file for STMicroelectronics.X-CUBE-AZRTOS-F7.1.1.0
2025-10-25 23:47:04,220 [WARN] PackLoader:240 - Cannot read IP mode file for Cesanta.I-CUBE-Mongoose.7.19.0
2025-10-25 23:47:04,230 [WARN] PackLoader:240 - Cannot read IP mode file for WES.I-CUBE-Cesium.1.4.0
2025-10-25 23:47:04,250 [WARN] PackLoader:240 - Cannot read IP mode file for Infineon.AIROC-Wi-Fi-Bluetooth-STM32.1.7.1
2025-10-25 23:47:04,273 [WARN] PackLoader:240 - Cannot read IP mode file for STMicroelectronics.X-CUBE-AZRTOS-H7.3.4.0
2025-10-25 23:47:04,282 [WARN] PackLoader:240 - Cannot read IP mode file for STMicroelectronics.X-CUBE-DISPLAY.3.0.0
2025-10-25 23:47:04,291 [WARN] PackLoader:240 - Cannot read IP mode file for STMicroelectronics.X-CUBE-NFC10.1.0.0
2025-10-25 23:47:04,297 [WARN] PackLoader:240 - Cannot read IP mode file for STMicroelectronics.X-CUBE-ST60.1.1.0
2025-10-25 23:47:04,301 [WARN] PackLoader:240 - Cannot read IP mode file for emotas.I-CUBE-CANOPEN.1.3.0
2025-10-25 23:47:04,306 [WARN] PackLoader:240 - Cannot read IP mode file for STMicroelectronics.FP-SNS-STBOX1.2.1.0
2025-10-25 23:47:04,311 [WARN] PackLoader:240 - Cannot read IP mode file for STMicroelectronics.FP-SNS-SMARTAG2.1.2.0
2025-10-25 23:47:04,315 [WARN] PackLoader:240 - Cannot read IP mode file for STMicroelectronics.FP-SNS-FLIGHT1.5.1.0
2025-10-25 23:47:04,320 [INFO] LogOutputStream:77 - [STDOUT_REDIRECT] 1 : Invalid condition id : UX_CORESTACK_Condition cause : null
2025-10-25 23:47:04,321 [INFO] LogOutputStream:77 - [STDOUT_REDIRECT] 1 : Invalid condition id : UX_CORESTACK_Condition cause : null
2025-10-25 23:47:04,321 [INFO] LogOutputStream:77 - [STDOUT_REDIRECT] 1 : Invalid condition id : UX_CORESTACK_Condition cause : null
2025-10-25 23:47:04,321 [INFO] LogOutputStream:77 - [STDOUT_REDIRECT] 1 : Invalid condition id : UX_CORESTACK_Condition cause : null
2025-10-25 23:47:04,321 [INFO] LogOutputStream:77 - [STDOUT_REDIRECT] 1 : Invalid condition id : UX_CORESTACK_Condition cause : null
2025-10-25 23:47:04,323 [WARN] PackLoader:240 - Cannot read IP mode file for STMicroelectronics.X-CUBE-AZRTOS-WL.2.0.0
2025-10-25 23:47:04,327 [WARN] PackLoader:240 - Cannot read IP mode file for STMicroelectronics.FP-SNS-MOTENV1.5.0.0
2025-10-25 23:47:04,332 [WARN] PackLoader:240 - Cannot read IP mode file for STMicroelectronics.X-CUBE-BLE2.3.3.0
2025-10-25 23:47:04,336 [WARN] PackLoader:240 - Cannot read IP mode file for STMicroelectronics.X-CUBE-NFC9.1.0.0
2025-10-25 23:47:04,340 [WARN] PackLoader:240 - Cannot read IP mode file for wolfSSL.I-CUBE-wolfSSL.5.8.2
2025-10-25 23:47:04,343 [WARN] PackLoader:240 - Cannot read IP mode file for STMicroelectronics.X-CUBE-BLE1.7.1.0
2025-10-25 23:47:04,345 [WARN] PackLoader:240 - Cannot read IP mode file for wolfSSL.I-CUBE-wolfMQTT.1.19.2
2025-10-25 23:47:04,350 [WARN] PackLoader:240 - Cannot read IP mode file for STMicroelectronics.X-CUBE-EEPRMA1.5.2.0
2025-10-25 23:47:04,355 [WARN] PackLoader:240 - Cannot read IP mode file for STMicroelectronics.X-CUBE-ST67W61.1.1.0
2025-10-25 23:47:04,366 [WARN] PackLoader:240 - Cannot read IP mode file for STMicroelectronics.X-CUBE-AZRTOS-G0.1.1.0
2025-10-25 23:47:04,371 [WARN] PackLoader:240 - Cannot read IP mode file for STMicroelectronics.X-CUBE-SAFEA1.1.2.2
2025-10-25 23:47:04,374 [WARN] PackLoader:240 - Cannot read IP mode file for STMicroelectronics.X-CUBE-NFC4.3.0.0
2025-10-25 23:47:04,390 [WARN] PackLoader:240 - Cannot read IP mode file for EmbeddedOffice.I-CUBE-FS-RTOS.1.0.1
2025-10-25 23:47:04,393 [WARN] PackLoader:240 - Cannot read IP mode file for STMicroelectronics.X-CUBE-WB05N.2.0.0
2025-10-25 23:47:04,397 [WARN] PackLoader:240 - Cannot read IP mode file for wolfSSL.I-CUBE-wolfTPM.3.8.0
2025-10-25 23:47:04,401 [WARN] PackLoader:240 - Cannot read IP mode file for STMicroelectronics.X-CUBE-TCPP.4.2.0
2025-10-25 23:47:04,405 [WARN] PackLoader:240 - Cannot read IP mode file for RealThread.X-CUBE-RT-Thread_Nano.4.1.1
2025-10-25 23:47:04,407 [WARN] PackLoader:240 - Cannot read IP mode file for STMicroelectronics.FP-ATR-SIGFOX1.3.2.0
2025-10-25 23:47:04,411 [WARN] PackLoader:240 - Cannot read IP mode file for ITTIA_DB.I-CUBE-ITTIADB.8.9.0
2025-10-25 23:47:04,413 [WARN] PackLoader:240 - Cannot read IP mode file for STMicroelectronics.X-CUBE-AI.10.2.0
2025-10-25 23:47:04,430 [WARN] PackLoader:240 - Cannot read IP mode file for SEGGER.I-CUBE-embOS.1.3.1
2025-10-25 23:47:04,457 [WARN] PackLoader:240 - Cannot read IP mode file for STMicroelectronics.X-CUBE-ALGOBUILD.1.4.0
2025-10-25 23:47:04,491 [WARN] PackLoader:240 - Cannot read IP mode file for STMicroelectronics.X-CUBE-MEMS1.11.3.0
2025-10-25 23:47:04,600 [WARN] PackLoader:240 - Cannot read IP mode file for STMicroelectronics.X-CUBE-PM33A1.1.0.0
2025-10-25 23:47:04,620 [WARN] PackLoader:240 - Cannot read IP mode file for STMicroelectronics.X-CUBE-AZRTOS-F4.1.1.0
2025-10-25 23:47:04,627 [WARN] PackLoader:240 - Cannot read IP mode file for STMicroelectronics.X-CUBE-ISPU.2.1.0
2025-10-25 23:47:04,665 [WARN] PackLoader:240 - Cannot read IP mode file for STMicroelectronics.X-CUBE-IPS.3.2.0
2025-10-25 23:47:04,684 [WARN] PackLoader:240 - Cannot read IP mode file for STMicroelectronics.X-CUBE-NFC12.1.0.0
2025-10-25 23:47:04,700 [WARN] PackLoader:240 - Cannot read IP mode file for STMicroelectronics.X-CUBE-AZRTOS-L5.2.0.0
2025-10-25 23:47:04,708 [WARN] PackLoader:240 - Cannot read IP mode file for STMicroelectronics.X-CUBE-NFC6.3.1.0
2025-10-25 23:47:04,713 [WARN] PackLoader:240 - Cannot read IP mode file for STMicroelectronics.X-CUBE-FREERTOS.1.3.1
2025-10-25 23:47:04,717 [WARN] PackLoader:240 - Cannot read IP mode file for STMicroelectronics.X-CUBE-TOUCHGFX.4.26.0
2025-10-25 23:47:04,721 [WARN] PackLoader:240 - Cannot read IP mode file for STMicroelectronics.FP-SNS-STAIOTCFT.1.0.0
2025-10-25 23:47:04,725 [WARN] PackLoader:240 - Cannot read IP mode file for STMicroelectronics.X-CUBE-DPower.1.3.0
2025-10-25 23:47:04,736 [WARN] ConditionMgr:438 - getConditionDescription Invalid condition id : LAN8742 Phy interface Condition cause : null
2025-10-25 23:47:04,737 [WARN] PackLoader:240 - Cannot read IP mode file for STMicroelectronics.X-CUBE-AZRTOS-L4.2.0.0
2025-10-25 23:47:04,738 [WARN] ConditionMgr:1044 - genDependencies : Invalid condition id : LAN8742 Phy interface Condition cause : null
2025-10-25 23:47:04,738 [WARN] ConditionMgr:1044 - genDependencies : Invalid condition id : LAN8742 Phy interface Condition cause : null
2025-10-25 23:47:04,739 [WARN] ConditionMgr:1044 - genDependencies : Invalid condition id : LAN8742 Phy interface Condition cause : null
2025-10-25 23:47:04,744 [WARN] PackLoader:240 - Cannot read IP mode file for STMicroelectronics.X-CUBE-SFXS2LP1.4.0.0
2025-10-25 23:47:04,754 [WARN] PackLoader:240 - Cannot read IP mode file for STMicroelectronics.X-CUBE-BLEMGR.4.1.0
2025-10-25 23:47:04,769 [WARN] ConditionMgr:438 - getConditionDescription Invalid condition id : UX DEVICE CLASS RTOS Condition cause : null
2025-10-25 23:47:04,769 [WARN] ConditionMgr:438 - getConditionDescription Invalid condition id : UX DEVICE CLASS RTOS Condition cause : null
2025-10-25 23:47:04,771 [WARN] PackLoader:240 - Cannot read IP mode file for STMicroelectronics.X-CUBE-AZRTOS-WB.2.0.0
2025-10-25 23:47:04,772 [WARN] ConditionMgr:1044 - genDependencies : Invalid condition id : UX DEVICE CLASS RTOS Condition cause : null
2025-10-25 23:47:04,772 [WARN] ConditionMgr:1044 - genDependencies : Invalid condition id : UX DEVICE CLASS RTOS Condition cause : null
2025-10-25 23:47:04,772 [WARN] ConditionMgr:1044 - genDependencies : Invalid condition id : UX DEVICE CLASS RTOS Condition cause : null
2025-10-25 23:47:04,773 [WARN] ConditionMgr:1044 - genDependencies : Invalid condition id : UX DEVICE CLASS RTOS Condition cause : null
2025-10-25 23:47:04,773 [WARN] ConditionMgr:1044 - genDependencies : Invalid condition id : UX DEVICE CLASS RTOS Condition cause : null
2025-10-25 23:47:04,778 [WARN] PackLoader:240 - Cannot read IP mode file for STMicroelectronics.X-CUBE-GNSS1.7.0.1
2025-10-25 23:47:04,782 [WARN] ConditionMgr:438 - getConditionDescription Invalid condition id : Cortex-A Device cause : null
2025-10-25 23:47:04,796 [WARN] ConditionMgr:1044 - genDependencies : Invalid condition id : Cortex-A Device cause : null
2025-10-25 23:47:04,796 [WARN] ConditionMgr:1044 - genDependencies : Invalid condition id : Cortex-A Device cause : null
2025-10-25 23:47:04,796 [WARN] ConditionMgr:1044 - genDependencies : Invalid condition id : Cortex-A Device cause : null
2025-10-25 23:47:04,812 [WARN] PackLoader:240 - Cannot read IP mode file for STMicroelectronics.X-CUBE-SUBG2.5.0.0
2025-10-25 23:47:04,831 [WARN] PackLoader:240 - Cannot read IP mode file for STMicroelectronics.X-CUBE-AZRTOS-H7RS.1.1.0
2025-10-25 23:47:04,842 [WARN] PackLoader:240 - Cannot read IP mode file for STMicroelectronics.X-CUBE-AZRTOS-G4.2.0.0
2025-10-25 23:47:04,845 [WARN] PackLoader:240 - Cannot read IP mode file for wolfSSL.I-CUBE-wolfSSH.1.4.20
2025-10-25 23:47:04,847 [WARN] PackLoader:240 - Cannot read IP mode file for STMicroelectronics.X-CUBE-NFC7.2.0.0
2025-10-25 23:47:04,850 [WARN] PackLoader:240 - Cannot read IP mode file for STMicroelectronics.X-CUBE-ALS.1.0.2
2025-10-25 23:47:04,854 [WARN] PackLoader:240 - Cannot read IP mode file for STMicroelectronics.X-CUBE-STSE01.1.0.0
2025-10-25 23:47:04,861 [WARN] PackLoader:240 - Cannot read IP mode file for STMicroelectronics.X-CUBE-TOF1.3.4.3
2025-10-25 23:47:04,868 [INFO] ThirdParty:978 - Integrity check success = true
2025-10-25 23:47:04,868 [INFO] IntegrityCheckThread:100 - exiting critical section [integrity check]
2025-10-25 23:47:04,868 [INFO] IntegrityCheckThread:103 - End integrity checks thread
2025-10-25 23:47:27,502 [ERROR] LogOutputStream:75 - [STDERR_REDIRECT] Oct 25, 2025 11:47:27 PM java.util.prefs.FileSystemPreferences checkLockFile0ErrorCode
2025-10-25 23:47:27,503 [ERROR] LogOutputStream:75 - [STDERR_REDIRECT] WARNING: Could not lock System prefs. Unix error code 2.
2025-10-25 23:47:27,503 [ERROR] LogOutputStream:75 - [STDERR_REDIRECT] 
2025-10-25 23:47:27,504 [ERROR] LogOutputStream:75 - [STDERR_REDIRECT] Oct 25, 2025 11:47:27 PM java.util.prefs.FileSystemPreferences syncWorld
2025-10-25 23:47:27,505 [ERROR] LogOutputStream:75 - [STDERR_REDIRECT] WARNING: Couldn't flush system prefs: java.util.prefs.BackingStoreException: Couldn't get file lock.
2025-10-25 23:47:27,505 [ERROR] LogOutputStream:75 - [STDERR_REDIRECT] 
2025-10-25 23:47:57,495 [ERROR] LogOutputStream:75 - [STDERR_REDIRECT] Oct 25, 2025 11:47:57 PM java.util.prefs.FileSystemPreferences checkLockFile0ErrorCode
2025-10-25 23:47:57,496 [ERROR] LogOutputStream:75 - [STDERR_REDIRECT] WARNING: Could not lock System prefs. Unix error code 2.
2025-10-25 23:47:57,496 [ERROR] LogOutputStream:75 - [STDERR_REDIRECT] 
2025-10-25 23:47:57,496 [ERROR] LogOutputStream:75 - [STDERR_REDIRECT] Oct 25, 2025 11:47:57 PM java.util.prefs.FileSystemPreferences syncWorld
2025-10-25 23:47:57,497 [ERROR] LogOutputStream:75 - [STDERR_REDIRECT] WARNING: Couldn't flush system prefs: java.util.prefs.BackingStoreException: Couldn't get file lock.
2025-10-25 23:47:57,497 [ERROR] LogOutputStream:75 - [STDERR_REDIRECT] 
2025-10-25 23:48:27,492 [ERROR] LogOutputStream:75 - [STDERR_REDIRECT] Oct 25, 2025 11:48:27 PM java.util.prefs.FileSystemPreferences checkLockFile0ErrorCode
2025-10-25 23:48:27,492 [ERROR] LogOutputStream:75 - [STDERR_REDIRECT] WARNING: Could not lock System prefs. Unix error code 2.
2025-10-25 23:48:27,493 [ERROR] LogOutputStream:75 - [STDERR_REDIRECT] 
2025-10-25 23:48:27,493 [ERROR] LogOutputStream:75 - [STDERR_REDIRECT] Oct 25, 2025 11:48:27 PM java.util.prefs.FileSystemPreferences syncWorld
2025-10-25 23:48:27,494 [ERROR] LogOutputStream:75 - [STDERR_REDIRECT] WARNING: Couldn't flush system prefs: java.util.prefs.BackingStoreException: Couldn't get file lock.
2025-10-25 23:48:27,494 [ERROR] LogOutputStream:75 - [STDERR_REDIRECT] 
2025-10-25 23:48:57,491 [ERROR] LogOutputStream:75 - [STDERR_REDIRECT] Oct 25, 2025 11:48:57 PM java.util.prefs.FileSystemPreferences checkLockFile0ErrorCode
2025-10-25 23:48:57,492 [ERROR] LogOutputStream:75 - [STDERR_REDIRECT] WARNING: Could not lock System prefs. Unix error code 2.
2025-10-25 23:48:57,492 [ERROR] LogOutputStream:75 - [STDERR_REDIRECT] 
2025-10-25 23:48:57,492 [ERROR] LogOutputStream:75 - [STDERR_REDIRECT] Oct 25, 2025 11:48:57 PM java.util.prefs.FileSystemPreferences syncWorld
2025-10-25 23:48:57,492 [ERROR] LogOutputStream:75 - [STDERR_REDIRECT] WARNING: Couldn't flush system prefs: java.util.prefs.BackingStoreException: Couldn't get file lock.
2025-10-25 23:48:57,493 [ERROR] LogOutputStream:75 - [STDERR_REDIRECT] 
2025-10-25 23:49:27,495 [ERROR] LogOutputStream:75 - [STDERR_REDIRECT] Oct 25, 2025 11:49:27 PM java.util.prefs.FileSystemPreferences checkLockFile0ErrorCode
2025-10-25 23:49:27,496 [ERROR] LogOutputStream:75 - [STDERR_REDIRECT] WARNING: Could not lock System prefs. Unix error code 2.
2025-10-25 23:49:27,496 [ERROR] LogOutputStream:75 - [STDERR_REDIRECT] 
2025-10-25 23:49:27,496 [ERROR] LogOutputStream:75 - [STDERR_REDIRECT] Oct 25, 2025 11:49:27 PM java.util.prefs.FileSystemPreferences syncWorld
2025-10-25 23:49:27,497 [ERROR] LogOutputStream:75 - [STDERR_REDIRECT] WARNING: Couldn't flush system prefs: java.util.prefs.BackingStoreException: Couldn't get file lock.
2025-10-25 23:49:27,497 [ERROR] LogOutputStream:75 - [STDERR_REDIRECT] 
2025-10-25 23:50:44,637 [INFO] Activator:176 - 


2025-10-25 23:50:44,639 [INFO] Activator:177 - !SESSION log4j initialized
