2026-01-25 00:00:22,517 [ERROR] LogOutputStream:75 - [STDERR_REDIRECT] Jan 25, 2026 12:00:22 AM java.util.prefs.FileSystemPreferences checkLockFile0ErrorCode
2026-01-25 00:00:22,519 [ERROR] LogOutputStream:75 - [STDERR_REDIRECT] WARNING: Could not lock System prefs. Unix error code 2.
2026-01-25 00:00:22,519 [ERROR] LogOutputStream:75 - [STDERR_REDIRECT] 
2026-01-25 00:00:22,520 [ERROR] LogOutputStream:75 - [STDERR_REDIRECT] Jan 25, 2026 12:00:22 AM java.util.prefs.FileSystemPreferences syncWorld
2026-01-25 00:00:22,520 [ERROR] LogOutputStream:75 - [STDERR_REDIRECT] WARNING: Couldn't flush system prefs: java.util.prefs.BackingStoreException: Couldn't get file lock.
2026-01-25 00:00:22,520 [ERROR] LogOutputStream:75 - [STDERR_REDIRECT] 
2026-01-25 00:00:52,517 [ERROR] LogOutputStream:75 - [STDERR_REDIRECT] Jan 25, 2026 12:00:52 AM java.util.prefs.FileSystemPreferences checkLockFile0ErrorCode
2026-01-25 00:00:52,517 [ERROR] LogOutputStream:75 - [STDERR_REDIRECT] WARNING: Could not lock System prefs. Unix error code 2.
2026-01-25 00:00:52,517 [ERROR] LogOutputStream:75 - [STDERR_REDIRECT] 
2026-01-25 00:00:52,517 [ERROR] LogOutputStream:75 - [STDERR_REDIRECT] Jan 25, 2026 12:00:52 AM java.util.prefs.FileSystemPreferences syncWorld
2026-01-25 00:00:52,518 [ERROR] LogOutputStream:75 - [STDERR_REDIRECT] WARNING: Couldn't flush system prefs: java.util.prefs.BackingStoreException: Couldn't get file lock.
2026-01-25 00:00:52,518 [ERROR] LogOutputStream:75 - [STDERR_REDIRECT] 
2026-01-25 00:01:22,517 [ERROR] LogOutputStream:75 - [STDERR_REDIRECT] Jan 25, 2026 12:01:22 AM java.util.prefs.FileSystemPreferences checkLockFile0ErrorCode
2026-01-25 00:01:22,517 [ERROR] LogOutputStream:75 - [STDERR_REDIRECT] WARNING: Could not lock System prefs. Unix error code 2.
2026-01-25 00:01:22,517 [ERROR] LogOutputStream:75 - [STDERR_REDIRECT] 
2026-01-25 00:01:22,517 [ERROR] LogOutputStream:75 - [STDERR_REDIRECT] Jan 25, 2026 12:01:22 AM java.util.prefs.FileSystemPreferences syncWorld
2026-01-25 00:01:22,517 [ERROR] LogOutputStream:75 - [STDERR_REDIRECT] WARNING: Couldn't flush system prefs: java.util.prefs.BackingStoreException: Couldn't get file lock.
2026-01-25 00:01:22,517 [ERROR] LogOutputStream:75 - [STDERR_REDIRECT] 
2026-01-25 00:01:52,517 [ERROR] LogOutputStream:75 - [STDERR_REDIRECT] Jan 25, 2026 12:01:52 AM java.util.prefs.FileSystemPreferences checkLockFile0ErrorCode
2026-01-25 00:01:52,518 [ERROR] LogOutputStream:75 - [STDERR_REDIRECT] WARNING: Could not lock System prefs. Unix error code 2.
2026-01-25 00:01:52,518 [ERROR] LogOutputStream:75 - [STDERR_REDIRECT] 
2026-01-25 00:01:52,518 [ERROR] LogOutputStream:75 - [STDERR_REDIRECT] Jan 25, 2026 12:01:52 AM java.util.prefs.FileSystemPreferences syncWorld
2026-01-25 00:01:52,518 [ERROR] LogOutputStream:75 - [STDERR_REDIRECT] WARNING: Couldn't flush system prefs: java.util.prefs.BackingStoreException: Couldn't get file lock.
2026-01-25 00:01:52,518 [ERROR] LogOutputStream:75 - [STDERR_REDIRECT] 
2026-01-25 00:02:22,519 [ERROR] LogOutputStream:75 - [STDERR_REDIRECT] Jan 25, 2026 12:02:22 AM java.util.prefs.FileSystemPreferences checkLockFile0ErrorCode
2026-01-25 00:02:22,519 [ERROR] LogOutputStream:75 - [STDERR_REDIRECT] WARNING: Could not lock System prefs. Unix error code 2.
2026-01-25 00:02:22,519 [ERROR] LogOutputStream:75 - [STDERR_REDIRECT] 
2026-01-25 00:02:22,520 [ERROR] LogOutputStream:75 - [STDERR_REDIRECT] Jan 25, 2026 12:02:22 AM java.util.prefs.FileSystemPreferences syncWorld
2026-01-25 00:02:22,520 [ERROR] LogOutputStream:75 - [STDERR_REDIRECT] WARNING: Couldn't flush system prefs: java.util.prefs.BackingStoreException: Couldn't get file lock.
2026-01-25 00:02:22,520 [ERROR] LogOutputStream:75 - [STDERR_REDIRECT] 
2026-01-25 00:02:52,518 [ERROR] LogOutputStream:75 - [STDERR_REDIRECT] Jan 25, 2026 12:02:52 AM java.util.prefs.FileSystemPreferences checkLockFile0ErrorCode
2026-01-25 00:02:52,519 [ERROR] LogOutputStream:75 - [STDERR_REDIRECT] WARNING: Could not lock System prefs. Unix error code 2.
2026-01-25 00:02:52,519 [ERROR] LogOutputStream:75 - [STDERR_REDIRECT] 
2026-01-25 00:02:52,519 [ERROR] LogOutputStream:75 - [STDERR_REDIRECT] Jan 25, 2026 12:02:52 AM java.util.prefs.FileSystemPreferences syncWorld
2026-01-25 00:02:52,519 [ERROR] LogOutputStream:75 - [STDERR_REDIRECT] WARNING: Couldn't flush system prefs: java.util.prefs.BackingStoreException: Couldn't get file lock.
2026-01-25 00:02:52,519 [ERROR] LogOutputStream:75 - [STDERR_REDIRECT] 
2026-01-25 00:03:22,519 [ERROR] LogOutputStream:75 - [STDERR_REDIRECT] Jan 25, 2026 12:03:22 AM java.util.prefs.FileSystemPreferences checkLockFile0ErrorCode
2026-01-25 00:03:22,520 [ERROR] LogOutputStream:75 - [STDERR_REDIRECT] WARNING: Could not lock System prefs. Unix error code 2.
2026-01-25 00:03:22,520 [ERROR] LogOutputStream:75 - [STDERR_REDIRECT] 
2026-01-25 00:03:22,520 [ERROR] LogOutputStream:75 - [STDERR_REDIRECT] Jan 25, 2026 12:03:22 AM java.util.prefs.FileSystemPreferences syncWorld
2026-01-25 00:03:22,520 [ERROR] LogOutputStream:75 - [STDERR_REDIRECT] WARNING: Couldn't flush system prefs: java.util.prefs.BackingStoreException: Couldn't get file lock.
2026-01-25 00:03:22,520 [ERROR] LogOutputStream:75 - [STDERR_REDIRECT] 
2026-01-25 00:03:52,522 [ERROR] LogOutputStream:75 - [STDERR_REDIRECT] Jan 25, 2026 12:03:52 AM java.util.prefs.FileSystemPreferences checkLockFile0ErrorCode
2026-01-25 00:03:52,522 [ERROR] LogOutputStream:75 - [STDERR_REDIRECT] WARNING: Could not lock System prefs. Unix error code 2.
2026-01-25 00:03:52,522 [ERROR] LogOutputStream:75 - [STDERR_REDIRECT] 
2026-01-25 00:03:52,522 [ERROR] LogOutputStream:75 - [STDERR_REDIRECT] Jan 25, 2026 12:03:52 AM java.util.prefs.FileSystemPreferences syncWorld
2026-01-25 00:03:52,522 [ERROR] LogOutputStream:75 - [STDERR_REDIRECT] WARNING: Couldn't flush system prefs: java.util.prefs.BackingStoreException: Couldn't get file lock.
2026-01-25 00:03:52,522 [ERROR] LogOutputStream:75 - [STDERR_REDIRECT] 
2026-01-25 00:04:22,522 [ERROR] LogOutputStream:75 - [STDERR_REDIRECT] Jan 25, 2026 12:04:22 AM java.util.prefs.FileSystemPreferences checkLockFile0ErrorCode
2026-01-25 00:04:22,523 [ERROR] LogOutputStream:75 - [STDERR_REDIRECT] WARNING: Could not lock System prefs. Unix error code 2.
2026-01-25 00:04:22,523 [ERROR] LogOutputStream:75 - [STDERR_REDIRECT] 
2026-01-25 00:04:22,523 [ERROR] LogOutputStream:75 - [STDERR_REDIRECT] Jan 25, 2026 12:04:22 AM java.util.prefs.FileSystemPreferences syncWorld
2026-01-25 00:04:22,523 [ERROR] LogOutputStream:75 - [STDERR_REDIRECT] WARNING: Couldn't flush system prefs: java.util.prefs.BackingStoreException: Couldn't get file lock.
2026-01-25 00:04:22,523 [ERROR] LogOutputStream:75 - [STDERR_REDIRECT] 
2026-01-25 00:04:52,521 [ERROR] LogOutputStream:75 - [STDERR_REDIRECT] Jan 25, 2026 12:04:52 AM java.util.prefs.FileSystemPreferences checkLockFile0ErrorCode
2026-01-25 00:04:52,521 [ERROR] LogOutputStream:75 - [STDERR_REDIRECT] WARNING: Could not lock System prefs. Unix error code 2.
2026-01-25 00:04:52,521 [ERROR] LogOutputStream:75 - [STDERR_REDIRECT] 
2026-01-25 00:04:52,521 [ERROR] LogOutputStream:75 - [STDERR_REDIRECT] Jan 25, 2026 12:04:52 AM java.util.prefs.FileSystemPreferences syncWorld
2026-01-25 00:04:52,521 [ERROR] LogOutputStream:75 - [STDERR_REDIRECT] WARNING: Couldn't flush system prefs: java.util.prefs.BackingStoreException: Couldn't get file lock.
2026-01-25 00:04:52,521 [ERROR] LogOutputStream:75 - [STDERR_REDIRECT] 
2026-01-25 00:05:22,522 [ERROR] LogOutputStream:75 - [STDERR_REDIRECT] Jan 25, 2026 12:05:22 AM java.util.prefs.FileSystemPreferences checkLockFile0ErrorCode
2026-01-25 00:05:22,522 [ERROR] LogOutputStream:75 - [STDERR_REDIRECT] WARNING: Could not lock System prefs. Unix error code 2.
2026-01-25 00:05:22,523 [ERROR] LogOutputStream:75 - [STDERR_REDIRECT] 
2026-01-25 00:05:22,523 [ERROR] LogOutputStream:75 - [STDERR_REDIRECT] Jan 25, 2026 12:05:22 AM java.util.prefs.FileSystemPreferences syncWorld
2026-01-25 00:05:22,523 [ERROR] LogOutputStream:75 - [STDERR_REDIRECT] WARNING: Couldn't flush system prefs: java.util.prefs.BackingStoreException: Couldn't get file lock.
2026-01-25 00:05:22,523 [ERROR] LogOutputStream:75 - [STDERR_REDIRECT] 
2026-01-25 00:05:52,523 [ERROR] LogOutputStream:75 - [STDERR_REDIRECT] Jan 25, 2026 12:05:52 AM java.util.prefs.FileSystemPreferences checkLockFile0ErrorCode
2026-01-25 00:05:52,523 [ERROR] LogOutputStream:75 - [STDERR_REDIRECT] WARNING: Could not lock System prefs. Unix error code 2.
2026-01-25 00:05:52,523 [ERROR] LogOutputStream:75 - [STDERR_REDIRECT] 
2026-01-25 00:05:52,523 [ERROR] LogOutputStream:75 - [STDERR_REDIRECT] Jan 25, 2026 12:05:52 AM java.util.prefs.FileSystemPreferences syncWorld
2026-01-25 00:05:52,523 [ERROR] LogOutputStream:75 - [STDERR_REDIRECT] WARNING: Couldn't flush system prefs: java.util.prefs.BackingStoreException: Couldn't get file lock.
2026-01-25 00:05:52,523 [ERROR] LogOutputStream:75 - [STDERR_REDIRECT] 
2026-01-25 00:06:22,522 [ERROR] LogOutputStream:75 - [STDERR_REDIRECT] Jan 25, 2026 12:06:22 AM java.util.prefs.FileSystemPreferences checkLockFile0ErrorCode
2026-01-25 00:06:22,522 [ERROR] LogOutputStream:75 - [STDERR_REDIRECT] WARNING: Could not lock System prefs. Unix error code 2.
2026-01-25 00:06:22,522 [ERROR] LogOutputStream:75 - [STDERR_REDIRECT] 
2026-01-25 00:06:22,523 [ERROR] LogOutputStream:75 - [STDERR_REDIRECT] Jan 25, 2026 12:06:22 AM java.util.prefs.FileSystemPreferences syncWorld
2026-01-25 00:06:22,523 [ERROR] LogOutputStream:75 - [STDERR_REDIRECT] WARNING: Couldn't flush system prefs: java.util.prefs.BackingStoreException: Couldn't get file lock.
2026-01-25 00:06:22,523 [ERROR] LogOutputStream:75 - [STDERR_REDIRECT] 
2026-01-25 00:06:52,523 [ERROR] LogOutputStream:75 - [STDERR_REDIRECT] Jan 25, 2026 12:06:52 AM java.util.prefs.FileSystemPreferences checkLockFile0ErrorCode
2026-01-25 00:06:52,523 [ERROR] LogOutputStream:75 - [STDERR_REDIRECT] WARNING: Could not lock System prefs. Unix error code 2.
2026-01-25 00:06:52,523 [ERROR] LogOutputStream:75 - [STDERR_REDIRECT] 
2026-01-25 00:06:52,523 [ERROR] LogOutputStream:75 - [STDERR_REDIRECT] Jan 25, 2026 12:06:52 AM java.util.prefs.FileSystemPreferences syncWorld
2026-01-25 00:06:52,523 [ERROR] LogOutputStream:75 - [STDERR_REDIRECT] WARNING: Couldn't flush system prefs: java.util.prefs.BackingStoreException: Couldn't get file lock.
2026-01-25 00:06:52,523 [ERROR] LogOutputStream:75 - [STDERR_REDIRECT] 
2026-01-25 00:07:22,523 [ERROR] LogOutputStream:75 - [STDERR_REDIRECT] Jan 25, 2026 12:07:22 AM java.util.prefs.FileSystemPreferences checkLockFile0ErrorCode
2026-01-25 00:07:22,524 [ERROR] LogOutputStream:75 - [STDERR_REDIRECT] WARNING: Could not lock System prefs. Unix error code 2.
2026-01-25 00:07:22,524 [ERROR] LogOutputStream:75 - [STDERR_REDIRECT] 
2026-01-25 00:07:22,524 [ERROR] LogOutputStream:75 - [STDERR_REDIRECT] Jan 25, 2026 12:07:22 AM java.util.prefs.FileSystemPreferences syncWorld
2026-01-25 00:07:22,524 [ERROR] LogOutputStream:75 - [STDERR_REDIRECT] WARNING: Couldn't flush system prefs: java.util.prefs.BackingStoreException: Couldn't get file lock.
2026-01-25 00:07:22,525 [ERROR] LogOutputStream:75 - [STDERR_REDIRECT] 
2026-01-25 00:07:52,523 [ERROR] LogOutputStream:75 - [STDERR_REDIRECT] Jan 25, 2026 12:07:52 AM java.util.prefs.FileSystemPreferences checkLockFile0ErrorCode
2026-01-25 00:07:52,523 [ERROR] LogOutputStream:75 - [STDERR_REDIRECT] WARNING: Could not lock System prefs. Unix error code 2.
2026-01-25 00:07:52,523 [ERROR] LogOutputStream:75 - [STDERR_REDIRECT] 
2026-01-25 00:07:52,523 [ERROR] LogOutputStream:75 - [STDERR_REDIRECT] Jan 25, 2026 12:07:52 AM java.util.prefs.FileSystemPreferences syncWorld
2026-01-25 00:07:52,524 [ERROR] LogOutputStream:75 - [STDERR_REDIRECT] WARNING: Couldn't flush system prefs: java.util.prefs.BackingStoreException: Couldn't get file lock.
2026-01-25 00:07:52,524 [ERROR] LogOutputStream:75 - [STDERR_REDIRECT] 
2026-01-25 00:08:22,524 [ERROR] LogOutputStream:75 - [STDERR_REDIRECT] Jan 25, 2026 12:08:22 AM java.util.prefs.FileSystemPreferences checkLockFile0ErrorCode
2026-01-25 00:08:22,524 [ERROR] LogOutputStream:75 - [STDERR_REDIRECT] WARNING: Could not lock System prefs. Unix error code 2.
2026-01-25 00:08:22,524 [ERROR] LogOutputStream:75 - [STDERR_REDIRECT] 
2026-01-25 00:08:22,525 [ERROR] LogOutputStream:75 - [STDERR_REDIRECT] Jan 25, 2026 12:08:22 AM java.util.prefs.FileSystemPreferences syncWorld
2026-01-25 00:08:22,525 [ERROR] LogOutputStream:75 - [STDERR_REDIRECT] WARNING: Couldn't flush system prefs: java.util.prefs.BackingStoreException: Couldn't get file lock.
2026-01-25 00:08:22,525 [ERROR] LogOutputStream:75 - [STDERR_REDIRECT] 
2026-01-25 00:08:52,535 [ERROR] LogOutputStream:75 - [STDERR_REDIRECT] Jan 25, 2026 12:08:52 AM java.util.prefs.FileSystemPreferences checkLockFile0ErrorCode
2026-01-25 00:08:52,536 [ERROR] LogOutputStream:75 - [STDERR_REDIRECT] WARNING: Could not lock System prefs. Unix error code 2.
2026-01-25 00:08:52,536 [ERROR] LogOutputStream:75 - [STDERR_REDIRECT] 
2026-01-25 00:08:52,536 [ERROR] LogOutputStream:75 - [STDERR_REDIRECT] Jan 25, 2026 12:08:52 AM java.util.prefs.FileSystemPreferences syncWorld
2026-01-25 00:08:52,536 [ERROR] LogOutputStream:75 - [STDERR_REDIRECT] WARNING: Couldn't flush system prefs: java.util.prefs.BackingStoreException: Couldn't get file lock.
2026-01-25 00:08:52,536 [ERROR] LogOutputStream:75 - [STDERR_REDIRECT] 
2026-01-25 00:09:22,524 [ERROR] LogOutputStream:75 - [STDERR_REDIRECT] Jan 25, 2026 12:09:22 AM java.util.prefs.FileSystemPreferences checkLockFile0ErrorCode
2026-01-25 00:09:22,524 [ERROR] LogOutputStream:75 - [STDERR_REDIRECT] WARNING: Could not lock System prefs. Unix error code 2.
2026-01-25 00:09:22,524 [ERROR] LogOutputStream:75 - [STDERR_REDIRECT] 
2026-01-25 00:09:22,525 [ERROR] LogOutputStream:75 - [STDERR_REDIRECT] Jan 25, 2026 12:09:22 AM java.util.prefs.FileSystemPreferences syncWorld
2026-01-25 00:09:22,525 [ERROR] LogOutputStream:75 - [STDERR_REDIRECT] WARNING: Couldn't flush system prefs: java.util.prefs.BackingStoreException: Couldn't get file lock.
2026-01-25 00:09:22,525 [ERROR] LogOutputStream:75 - [STDERR_REDIRECT] 
2026-01-25 00:09:52,523 [ERROR] LogOutputStream:75 - [STDERR_REDIRECT] Jan 25, 2026 12:09:52 AM java.util.prefs.FileSystemPreferences checkLockFile0ErrorCode
2026-01-25 00:09:52,523 [ERROR] LogOutputStream:75 - [STDERR_REDIRECT] WARNING: Could not lock System prefs. Unix error code 2.
2026-01-25 00:09:52,523 [ERROR] LogOutputStream:75 - [STDERR_REDIRECT] 
2026-01-25 00:09:52,523 [ERROR] LogOutputStream:75 - [STDERR_REDIRECT] Jan 25, 2026 12:09:52 AM java.util.prefs.FileSystemPreferences syncWorld
2026-01-25 00:09:52,523 [ERROR] LogOutputStream:75 - [STDERR_REDIRECT] WARNING: Couldn't flush system prefs: java.util.prefs.BackingStoreException: Couldn't get file lock.
2026-01-25 00:09:52,523 [ERROR] LogOutputStream:75 - [STDERR_REDIRECT] 
2026-01-25 00:10:22,523 [ERROR] LogOutputStream:75 - [STDERR_REDIRECT] Jan 25, 2026 12:10:22 AM java.util.prefs.FileSystemPreferences checkLockFile0ErrorCode
2026-01-25 00:10:22,523 [ERROR] LogOutputStream:75 - [STDERR_REDIRECT] WARNING: Could not lock System prefs. Unix error code 2.
2026-01-25 00:10:22,523 [ERROR] LogOutputStream:75 - [STDERR_REDIRECT] 
2026-01-25 00:10:22,523 [ERROR] LogOutputStream:75 - [STDERR_REDIRECT] Jan 25, 2026 12:10:22 AM java.util.prefs.FileSystemPreferences syncWorld
2026-01-25 00:10:22,524 [ERROR] LogOutputStream:75 - [STDERR_REDIRECT] WARNING: Couldn't flush system prefs: java.util.prefs.BackingStoreException: Couldn't get file lock.
2026-01-25 00:10:22,524 [ERROR] LogOutputStream:75 - [STDERR_REDIRECT] 
2026-01-25 00:10:52,525 [ERROR] LogOutputStream:75 - [STDERR_REDIRECT] Jan 25, 2026 12:10:52 AM java.util.prefs.FileSystemPreferences checkLockFile0ErrorCode
2026-01-25 00:10:52,525 [ERROR] LogOutputStream:75 - [STDERR_REDIRECT] WARNING: Could not lock System prefs. Unix error code 2.
2026-01-25 00:10:52,525 [ERROR] LogOutputStream:75 - [STDERR_REDIRECT] 
2026-01-25 00:10:52,525 [ERROR] LogOutputStream:75 - [STDERR_REDIRECT] Jan 25, 2026 12:10:52 AM java.util.prefs.FileSystemPreferences syncWorld
2026-01-25 00:10:52,525 [ERROR] LogOutputStream:75 - [STDERR_REDIRECT] WARNING: Couldn't flush system prefs: java.util.prefs.BackingStoreException: Couldn't get file lock.
2026-01-25 00:10:52,525 [ERROR] LogOutputStream:75 - [STDERR_REDIRECT] 
2026-01-25 00:11:22,527 [ERROR] LogOutputStream:75 - [STDERR_REDIRECT] Jan 25, 2026 12:11:22 AM java.util.prefs.FileSystemPreferences checkLockFile0ErrorCode
2026-01-25 00:11:22,527 [ERROR] LogOutputStream:75 - [STDERR_REDIRECT] WARNING: Could not lock System prefs. Unix error code 2.
2026-01-25 00:11:22,527 [ERROR] LogOutputStream:75 - [STDERR_REDIRECT] 
2026-01-25 00:11:22,528 [ERROR] LogOutputStream:75 - [STDERR_REDIRECT] Jan 25, 2026 12:11:22 AM java.util.prefs.FileSystemPreferences syncWorld
2026-01-25 00:11:22,528 [ERROR] LogOutputStream:75 - [STDERR_REDIRECT] WARNING: Couldn't flush system prefs: java.util.prefs.BackingStoreException: Couldn't get file lock.
2026-01-25 00:11:22,528 [ERROR] LogOutputStream:75 - [STDERR_REDIRECT] 
2026-01-25 00:11:52,523 [ERROR] LogOutputStream:75 - [STDERR_REDIRECT] Jan 25, 2026 12:11:52 AM java.util.prefs.FileSystemPreferences checkLockFile0ErrorCode
2026-01-25 00:11:52,523 [ERROR] LogOutputStream:75 - [STDERR_REDIRECT] WARNING: Could not lock System prefs. Unix error code 2.
2026-01-25 00:11:52,523 [ERROR] LogOutputStream:75 - [STDERR_REDIRECT] 
2026-01-25 00:11:52,524 [ERROR] LogOutputStream:75 - [STDERR_REDIRECT] Jan 25, 2026 12:11:52 AM java.util.prefs.FileSystemPreferences syncWorld
2026-01-25 00:11:52,524 [ERROR] LogOutputStream:75 - [STDERR_REDIRECT] WARNING: Couldn't flush system prefs: java.util.prefs.BackingStoreException: Couldn't get file lock.
2026-01-25 00:11:52,524 [ERROR] LogOutputStream:75 - [STDERR_REDIRECT] 
2026-01-25 00:12:22,523 [ERROR] LogOutputStream:75 - [STDERR_REDIRECT] Jan 25, 2026 12:12:22 AM java.util.prefs.FileSystemPreferences checkLockFile0ErrorCode
2026-01-25 00:12:22,523 [ERROR] LogOutputStream:75 - [STDERR_REDIRECT] WARNING: Could not lock System prefs. Unix error code 2.
2026-01-25 00:12:22,523 [ERROR] LogOutputStream:75 - [STDERR_REDIRECT] 
2026-01-25 00:12:22,523 [ERROR] LogOutputStream:75 - [STDERR_REDIRECT] Jan 25, 2026 12:12:22 AM java.util.prefs.FileSystemPreferences syncWorld
2026-01-25 00:12:22,523 [ERROR] LogOutputStream:75 - [STDERR_REDIRECT] WARNING: Couldn't flush system prefs: java.util.prefs.BackingStoreException: Couldn't get file lock.
2026-01-25 00:12:22,523 [ERROR] LogOutputStream:75 - [STDERR_REDIRECT] 
2026-01-25 00:12:52,523 [ERROR] LogOutputStream:75 - [STDERR_REDIRECT] Jan 25, 2026 12:12:52 AM java.util.prefs.FileSystemPreferences checkLockFile0ErrorCode
2026-01-25 00:12:52,524 [ERROR] LogOutputStream:75 - [STDERR_REDIRECT] WARNING: Could not lock System prefs. Unix error code 2.
2026-01-25 00:12:52,524 [ERROR] LogOutputStream:75 - [STDERR_REDIRECT] 
2026-01-25 00:12:52,524 [ERROR] LogOutputStream:75 - [STDERR_REDIRECT] Jan 25, 2026 12:12:52 AM java.util.prefs.FileSystemPreferences syncWorld
2026-01-25 00:12:52,524 [ERROR] LogOutputStream:75 - [STDERR_REDIRECT] WARNING: Couldn't flush system prefs: java.util.prefs.BackingStoreException: Couldn't get file lock.
2026-01-25 00:12:52,524 [ERROR] LogOutputStream:75 - [STDERR_REDIRECT] 
2026-01-25 00:13:22,524 [ERROR] LogOutputStream:75 - [STDERR_REDIRECT] Jan 25, 2026 12:13:22 AM java.util.prefs.FileSystemPreferences checkLockFile0ErrorCode
2026-01-25 00:13:22,524 [ERROR] LogOutputStream:75 - [STDERR_REDIRECT] WARNING: Could not lock System prefs. Unix error code 2.
2026-01-25 00:13:22,525 [ERROR] LogOutputStream:75 - [STDERR_REDIRECT] 
2026-01-25 00:13:22,525 [ERROR] LogOutputStream:75 - [STDERR_REDIRECT] Jan 25, 2026 12:13:22 AM java.util.prefs.FileSystemPreferences syncWorld
2026-01-25 00:13:22,525 [ERROR] LogOutputStream:75 - [STDERR_REDIRECT] WARNING: Couldn't flush system prefs: java.util.prefs.BackingStoreException: Couldn't get file lock.
2026-01-25 00:13:22,525 [ERROR] LogOutputStream:75 - [STDERR_REDIRECT] 
2026-01-25 00:13:52,525 [ERROR] LogOutputStream:75 - [STDERR_REDIRECT] Jan 25, 2026 12:13:52 AM java.util.prefs.FileSystemPreferences checkLockFile0ErrorCode
2026-01-25 00:13:52,525 [ERROR] LogOutputStream:75 - [STDERR_REDIRECT] WARNING: Could not lock System prefs. Unix error code 2.
2026-01-25 00:13:52,525 [ERROR] LogOutputStream:75 - [STDERR_REDIRECT] 
2026-01-25 00:13:52,525 [ERROR] LogOutputStream:75 - [STDERR_REDIRECT] Jan 25, 2026 12:13:52 AM java.util.prefs.FileSystemPreferences syncWorld
2026-01-25 00:13:52,525 [ERROR] LogOutputStream:75 - [STDERR_REDIRECT] WARNING: Couldn't flush system prefs: java.util.prefs.BackingStoreException: Couldn't get file lock.
2026-01-25 00:13:52,525 [ERROR] LogOutputStream:75 - [STDERR_REDIRECT] 
2026-01-25 00:14:22,525 [ERROR] LogOutputStream:75 - [STDERR_REDIRECT] Jan 25, 2026 12:14:22 AM java.util.prefs.FileSystemPreferences checkLockFile0ErrorCode
2026-01-25 00:14:22,525 [ERROR] LogOutputStream:75 - [STDERR_REDIRECT] WARNING: Could not lock System prefs. Unix error code 2.
2026-01-25 00:14:22,525 [ERROR] LogOutputStream:75 - [STDERR_REDIRECT] 
2026-01-25 00:14:22,525 [ERROR] LogOutputStream:75 - [STDERR_REDIRECT] Jan 25, 2026 12:14:22 AM java.util.prefs.FileSystemPreferences syncWorld
2026-01-25 00:14:22,525 [ERROR] LogOutputStream:75 - [STDERR_REDIRECT] WARNING: Couldn't flush system prefs: java.util.prefs.BackingStoreException: Couldn't get file lock.
2026-01-25 00:14:22,525 [ERROR] LogOutputStream:75 - [STDERR_REDIRECT] 
2026-01-25 00:14:52,526 [ERROR] LogOutputStream:75 - [STDERR_REDIRECT] Jan 25, 2026 12:14:52 AM java.util.prefs.FileSystemPreferences checkLockFile0ErrorCode
2026-01-25 00:14:52,527 [ERROR] LogOutputStream:75 - [STDERR_REDIRECT] WARNING: Could not lock System prefs. Unix error code 2.
2026-01-25 00:14:52,527 [ERROR] LogOutputStream:75 - [STDERR_REDIRECT] 
2026-01-25 00:14:52,527 [ERROR] LogOutputStream:75 - [STDERR_REDIRECT] Jan 25, 2026 12:14:52 AM java.util.prefs.FileSystemPreferences syncWorld
2026-01-25 00:14:52,527 [ERROR] LogOutputStream:75 - [STDERR_REDIRECT] WARNING: Couldn't flush system prefs: java.util.prefs.BackingStoreException: Couldn't get file lock.
2026-01-25 00:14:52,528 [ERROR] LogOutputStream:75 - [STDERR_REDIRECT] 
2026-01-25 00:15:22,525 [ERROR] LogOutputStream:75 - [STDERR_REDIRECT] Jan 25, 2026 12:15:22 AM java.util.prefs.FileSystemPreferences checkLockFile0ErrorCode
2026-01-25 00:15:22,525 [ERROR] LogOutputStream:75 - [STDERR_REDIRECT] WARNING: Could not lock System prefs. Unix error code 2.
2026-01-25 00:15:22,525 [ERROR] LogOutputStream:75 - [STDERR_REDIRECT] 
2026-01-25 00:15:22,525 [ERROR] LogOutputStream:75 - [STDERR_REDIRECT] Jan 25, 2026 12:15:22 AM java.util.prefs.FileSystemPreferences syncWorld
2026-01-25 00:15:22,525 [ERROR] LogOutputStream:75 - [STDERR_REDIRECT] WARNING: Couldn't flush system prefs: java.util.prefs.BackingStoreException: Couldn't get file lock.
2026-01-25 00:15:22,525 [ERROR] LogOutputStream:75 - [STDERR_REDIRECT] 
2026-01-25 00:15:52,525 [ERROR] LogOutputStream:75 - [STDERR_REDIRECT] Jan 25, 2026 12:15:52 AM java.util.prefs.FileSystemPreferences checkLockFile0ErrorCode
2026-01-25 00:15:52,525 [ERROR] LogOutputStream:75 - [STDERR_REDIRECT] WARNING: Could not lock System prefs. Unix error code 2.
2026-01-25 00:15:52,526 [ERROR] LogOutputStream:75 - [STDERR_REDIRECT] 
2026-01-25 00:15:52,526 [ERROR] LogOutputStream:75 - [STDERR_REDIRECT] Jan 25, 2026 12:15:52 AM java.util.prefs.FileSystemPreferences syncWorld
2026-01-25 00:15:52,526 [ERROR] LogOutputStream:75 - [STDERR_REDIRECT] WARNING: Couldn't flush system prefs: java.util.prefs.BackingStoreException: Couldn't get file lock.
2026-01-25 00:15:52,526 [ERROR] LogOutputStream:75 - [STDERR_REDIRECT] 
2026-01-25 00:16:22,526 [ERROR] LogOutputStream:75 - [STDERR_REDIRECT] Jan 25, 2026 12:16:22 AM java.util.prefs.FileSystemPreferences checkLockFile0ErrorCode
2026-01-25 00:16:22,526 [ERROR] LogOutputStream:75 - [STDERR_REDIRECT] WARNING: Could not lock System prefs. Unix error code 2.
2026-01-25 00:16:22,527 [ERROR] LogOutputStream:75 - [STDERR_REDIRECT] 
2026-01-25 00:16:22,527 [ERROR] LogOutputStream:75 - [STDERR_REDIRECT] Jan 25, 2026 12:16:22 AM java.util.prefs.FileSystemPreferences syncWorld
2026-01-25 00:16:22,527 [ERROR] LogOutputStream:75 - [STDERR_REDIRECT] WARNING: Couldn't flush system prefs: java.util.prefs.BackingStoreException: Couldn't get file lock.
2026-01-25 00:16:22,527 [ERROR] LogOutputStream:75 - [STDERR_REDIRECT] 
2026-01-25 00:16:52,526 [ERROR] LogOutputStream:75 - [STDERR_REDIRECT] Jan 25, 2026 12:16:52 AM java.util.prefs.FileSystemPreferences checkLockFile0ErrorCode
2026-01-25 00:16:52,527 [ERROR] LogOutputStream:75 - [STDERR_REDIRECT] WARNING: Could not lock System prefs. Unix error code 2.
2026-01-25 00:16:52,527 [ERROR] LogOutputStream:75 - [STDERR_REDIRECT] 
2026-01-25 00:16:52,527 [ERROR] LogOutputStream:75 - [STDERR_REDIRECT] Jan 25, 2026 12:16:52 AM java.util.prefs.FileSystemPreferences syncWorld
2026-01-25 00:16:52,527 [ERROR] LogOutputStream:75 - [STDERR_REDIRECT] WARNING: Couldn't flush system prefs: java.util.prefs.BackingStoreException: Couldn't get file lock.
2026-01-25 00:16:52,527 [ERROR] LogOutputStream:75 - [STDERR_REDIRECT] 
2026-01-25 00:17:22,527 [ERROR] LogOutputStream:75 - [STDERR_REDIRECT] Jan 25, 2026 12:17:22 AM java.util.prefs.FileSystemPreferences checkLockFile0ErrorCode
2026-01-25 00:17:22,527 [ERROR] LogOutputStream:75 - [STDERR_REDIRECT] WARNING: Could not lock System prefs. Unix error code 2.
2026-01-25 00:17:22,527 [ERROR] LogOutputStream:75 - [STDERR_REDIRECT] 
2026-01-25 00:17:22,528 [ERROR] LogOutputStream:75 - [STDERR_REDIRECT] Jan 25, 2026 12:17:22 AM java.util.prefs.FileSystemPreferences syncWorld
2026-01-25 00:17:22,528 [ERROR] LogOutputStream:75 - [STDERR_REDIRECT] WARNING: Couldn't flush system prefs: java.util.prefs.BackingStoreException: Couldn't get file lock.
2026-01-25 00:17:22,528 [ERROR] LogOutputStream:75 - [STDERR_REDIRECT] 
